[transfermoneyfromgreendotto6.wordpress.com/index.html]
[backblue.gif]
[fade.gif]
[index.html]
[s2.wp.com/wp-content/plugins/gutenberg-core/v18.4.1/build/block-library/blocks/navigation/style7204.css]
[transfermoneyfromgreendotto6.wordpress.com/feed/index.html]
[transfermoneyfromgreendotto6.wordpress.com/comments/feed/index.html]
[transfermoneyfromgreendotto6.wordpress.com/xmlrpc0db0.php]
[s2.wp.com/i/webclip.png]
[transfermoneyfromgreendotto6.wordpress.com/osd.xml]
[s2.wp.com/wp-includes/js/dist/vendor/wp-polyfill-importmap.mine150.js]
[s1.wp.com/wp-content/plugins/gutenberg-core/v18.4.1/build/interactivity/navigation.minc65f.js]
[s0.wp.com/wp-content/plugins/gutenberg-core/v18.4.1/build/interactivity/index.minc65f.js]
[0.gravatar.com/js/hovercards/hovercards.min47d9.js]
[s2.wp.com/wp-content/mu-plugins/gravatar-hovercards/wpgrohoe8bd.js]
[transfermoneyfromgreendotto6.wordpress.com/contact-2/index.html]
[transfermoneyfromgreendotto6.wordpress.com/GET]
[s2.wp.com/i/logo/wpcom-gray-white.png]
[s0.wp.com/wp-content/mu-plugins/actionbar/actionbarf84d.css]
[s0.wp.com/wp-content/mu-plugins/actionbar/actionbar4dc1.js]
[stats.wp.com/w735b.js]
[transfermoneyfromgreendotto6.wordpress.com/wp-content/plugins/ie-sitemode/custom-jumplist.php]
[s1.wp.com/_static/indexd98a.html]
[pixel.wp.com/b0b80.gif]
[transfermoneyfromgreendotto6.wordpress.com/index.html]
[s2.wp.com/wp-content/plugins/gutenberg-core/v18.4.1/build/block-library/blocks/navigation/style7204.css]
[s1.wp.com/_static/indexd02a.html]
[s2.wp.com/wp-content/themes/h4/globalf753.css]
[s2.wp.com/wp-content/plugins/gutenberg-core/v18.4.1/build/block-library/blocks/social-links/style7204.css]
[livrodemo.wordpress.com/wp-content/uploads/2022/01/9b5c1-chair4722.jpg]
[transfermoneyfromgreendotto6.wordpress.com/contact-2/GET.17.delayed]
[transfermoneyfromgreendotto6.wordpress.com/contact-2/index.html]
[transfermoneyfromgreendotto6.wordpress.com/GET.html]
[s0.wp.com/wp-content/mu-plugins/actionbar/actionbarf84d.css]
[s2.wp.com/wp-content/plugins/gutenberg-core/v18.4.1/build/block-library/blocks/social-links/style7204.css]
[transfermoneyfromgreendotto6.wordpress.com/contact-2/GET.html]
